// Jest Snapshot v1, https://goo.gl/fbAQLP

exports[`d√©marre la partie 1`] = `
Object {
  "type": "DEMARRER_PARTIE",
}
`;

exports[`inscrit un joueur 1`] = `
Object {
  "joueur": "J1",
  "type": "INSCRIRE_JOUEUR",
}
`;
