// Jest Snapshot v1, https://goo.gl/fbAQLP

exports[`donne des points 1`] = `
Array [
  Object {
    "joueur": "J1",
    "points": 55,
    "touches": Object {
      "15": Array [
        Object {
          "chiffre": 15,
          "nombre": 1,
        },
      ],
    },
  },
]
`;
